Archive member included because of file (symbol)

F:/applications/cw/CW MCU v10.5/MCU/ARM_GCC_Support/ewl/lib/armv7e-m\libc.a(exit.o)
                              ./Project_Settings/Startup_Code/__arm_start.o (exit)
F:/applications/cw/CW MCU v10.5/MCU/ARM_GCC_Support/ewl/lib/armv7e-m\libc.a(memset.o)
                              ./Project_Settings/Startup_Code/__arm_start.o (memset)
F:/applications/cw/CW MCU v10.5/MCU/ARM_GCC_Support/ewl/lib/armv7e-m\libc.a(printformat_.o)
                              (__pformatter_)
F:/applications/cw/CW MCU v10.5/MCU/ARM_GCC_Support/ewl/lib/armv7e-m\libc.a(scanformat_.o)
                              (__sformatter)
F:/applications/cw/CW MCU v10.5/MCU/ARM_GCC_Support/ewl/lib/armv7e-m\libc.a(ctype_aeabi.o)
                              F:/applications/cw/CW MCU v10.5/MCU/ARM_GCC_Support/ewl/lib/armv7e-m\libc.a(scanformat_.o) (isspace)
F:/applications/cw/CW MCU v10.5/MCU/ARM_GCC_Support/ewl/lib/armv7e-m\libc.a(__strtoul.o)
                              F:/applications/cw/CW MCU v10.5/MCU/ARM_GCC_Support/ewl/lib/armv7e-m\libc.a(scanformat_.o) (__strtoul)
F:/applications/cw/CW MCU v10.5/MCU/ARM_GCC_Support/ewl/lib/armv7e-m\libc.a(__filll_mem.o)
                              F:/applications/cw/CW MCU v10.5/MCU/ARM_GCC_Support/ewl/lib/armv7e-m\libc.a(memset.o) (__fill_mem)
F:/applications/cw/CW MCU v10.5/MCU/ARM_GCC_Support/ewl/lib/armv7e-m\libc.a(memchr.o)
                              F:/applications/cw/CW MCU v10.5/MCU/ARM_GCC_Support/ewl/lib/armv7e-m\libc.a(printformat_.o) (memchr)
F:/applications/cw/CW MCU v10.5/MCU/ARM_GCC_Support/ewl/lib/armv7e-m\libc.a(strchr.o)
                              F:/applications/cw/CW MCU v10.5/MCU/ARM_GCC_Support/ewl/lib/armv7e-m\libc.a(printformat_.o) (strchr)
F:/applications/cw/CW MCU v10.5/MCU/ARM_GCC_Support/ewl/lib/armv7e-m\libc.a(strlen.o)
                              F:/applications/cw/CW MCU v10.5/MCU/ARM_GCC_Support/ewl/lib/armv7e-m\libc.a(printformat_.o) (strlen)
F:/applications/cw/CW MCU v10.5/MCU/ARM_GCC_Support/ewl/lib/armv7e-m\librt.a(gcc_ctor_dtor.o)
                              ./Project_Settings/Startup_Code/__arm_start.o (__init_cpp)
F:/applications/cw/CW MCU v10.5/MCU/ARM_GCC_Support/ewl/lib/armv7e-m\librt.a(ROMCopy.o)
                              ./Project_Settings/Startup_Code/__arm_start.o (__copy_rom_sections_to_ram)
F:/applications/cw/CW MCU v10.5/MCU/ARM_GCC_Support/ewl/lib/armv7e-m\librt.a(__arm_eabi_init.o)
                              F:/applications/cw/CW MCU v10.5/MCU/ARM_GCC_Support/ewl/lib/armv7e-m\libc.a(exit.o) (__destroy_global_chain)

Allocating common symbols
Common symbol       size              file

AD_flag             0x1               ./Sources/main.o
time                0x8               ./Sources/main.o
shownumber          0x4               ./Sources/main.o
show                0x5               ./Sources/main.o
ADC_Result          0x4               ./Sources/main.o

Discarded input sections

 .text          0x00000000        0x0 ./Project_Settings/Startup_Code/kinetis_sysinit.o
 .data          0x00000000        0x0 ./Project_Settings/Startup_Code/kinetis_sysinit.o
 .bss           0x00000000        0x0 ./Project_Settings/Startup_Code/kinetis_sysinit.o
 .bss.numbertime
                0x00000000        0x4 ./Project_Settings/Startup_Code/kinetis_sysinit.o
 .text.delayms  0x00000000       0x44 ./Project_Settings/Startup_Code/kinetis_sysinit.o
 .text          0x00000000        0x0 ./Project_Settings/Startup_Code/__arm_start.o
 .data          0x00000000        0x0 ./Project_Settings/Startup_Code/__arm_start.o
 .bss           0x00000000        0x0 ./Project_Settings/Startup_Code/__arm_start.o
 .text.__iar_program_start
                0x00000000        0x4 ./Project_Settings/Startup_Code/__arm_start.o
 .text          0x00000000        0x0 ./Project_Settings/Startup_Code/__arm_end.o
 .data          0x00000000        0x0 ./Project_Settings/Startup_Code/__arm_end.o
 .bss           0x00000000        0x0 ./Project_Settings/Startup_Code/__arm_end.o
 .text          0x00000000        0x0 ./Sources/main.o
 .data          0x00000000        0x0 ./Sources/main.o
 .bss           0x00000000        0x0 ./Sources/main.o
 .text.ADC1_Init
                0x00000000       0xb0 ./Sources/main.o
 .text          0x00000000        0x0 ./Sources/INKEY.o
 .data          0x00000000        0x0 ./Sources/INKEY.o
 .bss           0x00000000        0x0 ./Sources/INKEY.o
 .text          0x00000000        0x0 F:/applications/cw/CW MCU v10.5/MCU/ARM_GCC_Support/ewl/lib/armv7e-m\libc.a(exit.o)
 .data          0x00000000        0x0 F:/applications/cw/CW MCU v10.5/MCU/ARM_GCC_Support/ewl/lib/armv7e-m\libc.a(exit.o)
 .bss           0x00000000        0x0 F:/applications/cw/CW MCU v10.5/MCU/ARM_GCC_Support/ewl/lib/armv7e-m\libc.a(exit.o)
 .text          0x00000000        0x0 F:/applications/cw/CW MCU v10.5/MCU/ARM_GCC_Support/ewl/lib/armv7e-m\libc.a(memset.o)
 .data          0x00000000        0x0 F:/applications/cw/CW MCU v10.5/MCU/ARM_GCC_Support/ewl/lib/armv7e-m\libc.a(memset.o)
 .bss           0x00000000        0x0 F:/applications/cw/CW MCU v10.5/MCU/ARM_GCC_Support/ewl/lib/armv7e-m\libc.a(memset.o)
 .text          0x00000000        0x0 F:/applications/cw/CW MCU v10.5/MCU/ARM_GCC_Support/ewl/lib/armv7e-m\libc.a(printformat_.o)
 .data          0x00000000        0x0 F:/applications/cw/CW MCU v10.5/MCU/ARM_GCC_Support/ewl/lib/armv7e-m\libc.a(printformat_.o)
 .bss           0x00000000        0x0 F:/applications/cw/CW MCU v10.5/MCU/ARM_GCC_Support/ewl/lib/armv7e-m\libc.a(printformat_.o)
 .text          0x00000000        0x0 F:/applications/cw/CW MCU v10.5/MCU/ARM_GCC_Support/ewl/lib/armv7e-m\libc.a(scanformat_.o)
 .data          0x00000000        0x0 F:/applications/cw/CW MCU v10.5/MCU/ARM_GCC_Support/ewl/lib/armv7e-m\libc.a(scanformat_.o)
 .bss           0x00000000        0x0 F:/applications/cw/CW MCU v10.5/MCU/ARM_GCC_Support/ewl/lib/armv7e-m\libc.a(scanformat_.o)
 .text          0x00000000        0x0 F:/applications/cw/CW MCU v10.5/MCU/ARM_GCC_Support/ewl/lib/armv7e-m\libc.a(ctype_aeabi.o)
 .data          0x00000000        0x0 F:/applications/cw/CW MCU v10.5/MCU/ARM_GCC_Support/ewl/lib/armv7e-m\libc.a(ctype_aeabi.o)
 .bss           0x00000000        0x0 F:/applications/cw/CW MCU v10.5/MCU/ARM_GCC_Support/ewl/lib/armv7e-m\libc.a(ctype_aeabi.o)
 .text.isalnum  0x00000000       0x18 F:/applications/cw/CW MCU v10.5/MCU/ARM_GCC_Support/ewl/lib/armv7e-m\libc.a(ctype_aeabi.o)
 .text.iscntrl  0x00000000       0x1c F:/applications/cw/CW MCU v10.5/MCU/ARM_GCC_Support/ewl/lib/armv7e-m\libc.a(ctype_aeabi.o)
 .text.isdigit  0x00000000        0xc F:/applications/cw/CW MCU v10.5/MCU/ARM_GCC_Support/ewl/lib/armv7e-m\libc.a(ctype_aeabi.o)
 .text.isgraph  0x00000000       0x18 F:/applications/cw/CW MCU v10.5/MCU/ARM_GCC_Support/ewl/lib/armv7e-m\libc.a(ctype_aeabi.o)
 .text.islower  0x00000000       0x1c F:/applications/cw/CW MCU v10.5/MCU/ARM_GCC_Support/ewl/lib/armv7e-m\libc.a(ctype_aeabi.o)
 .text.isprint  0x00000000       0x18 F:/applications/cw/CW MCU v10.5/MCU/ARM_GCC_Support/ewl/lib/armv7e-m\libc.a(ctype_aeabi.o)
 .text.ispunct  0x00000000       0x1c F:/applications/cw/CW MCU v10.5/MCU/ARM_GCC_Support/ewl/lib/armv7e-m\libc.a(ctype_aeabi.o)
 .text.isupper  0x00000000       0x1c F:/applications/cw/CW MCU v10.5/MCU/ARM_GCC_Support/ewl/lib/armv7e-m\libc.a(ctype_aeabi.o)
 .text.isxdigit
                0x00000000       0x1c F:/applications/cw/CW MCU v10.5/MCU/ARM_GCC_Support/ewl/lib/armv7e-m\libc.a(ctype_aeabi.o)
 .text.isblank  0x00000000       0x28 F:/applications/cw/CW MCU v10.5/MCU/ARM_GCC_Support/ewl/lib/armv7e-m\libc.a(ctype_aeabi.o)
 .text.tolower  0x00000000        0xc F:/applications/cw/CW MCU v10.5/MCU/ARM_GCC_Support/ewl/lib/armv7e-m\libc.a(ctype_aeabi.o)
 .text          0x00000000        0x0 F:/applications/cw/CW MCU v10.5/MCU/ARM_GCC_Support/ewl/lib/armv7e-m\libc.a(__strtoul.o)
 .data          0x00000000        0x0 F:/applications/cw/CW MCU v10.5/MCU/ARM_GCC_Support/ewl/lib/armv7e-m\libc.a(__strtoul.o)
 .bss           0x00000000        0x0 F:/applications/cw/CW MCU v10.5/MCU/ARM_GCC_Support/ewl/lib/armv7e-m\libc.a(__strtoul.o)
 .text          0x00000000        0x0 F:/applications/cw/CW MCU v10.5/MCU/ARM_GCC_Support/ewl/lib/armv7e-m\libc.a(__filll_mem.o)
 .data          0x00000000        0x0 F:/applications/cw/CW MCU v10.5/MCU/ARM_GCC_Support/ewl/lib/armv7e-m\libc.a(__filll_mem.o)
 .bss           0x00000000        0x0 F:/applications/cw/CW MCU v10.5/MCU/ARM_GCC_Support/ewl/lib/armv7e-m\libc.a(__filll_mem.o)
 .text          0x00000000        0x0 F:/applications/cw/CW MCU v10.5/MCU/ARM_GCC_Support/ewl/lib/armv7e-m\libc.a(memchr.o)
 .data          0x00000000        0x0 F:/applications/cw/CW MCU v10.5/MCU/ARM_GCC_Support/ewl/lib/armv7e-m\libc.a(memchr.o)
 .bss           0x00000000        0x0 F:/applications/cw/CW MCU v10.5/MCU/ARM_GCC_Support/ewl/lib/armv7e-m\libc.a(memchr.o)
 .text          0x00000000        0x0 F:/applications/cw/CW MCU v10.5/MCU/ARM_GCC_Support/ewl/lib/armv7e-m\libc.a(strchr.o)
 .data          0x00000000        0x0 F:/applications/cw/CW MCU v10.5/MCU/ARM_GCC_Support/ewl/lib/armv7e-m\libc.a(strchr.o)
 .bss           0x00000000        0x0 F:/applications/cw/CW MCU v10.5/MCU/ARM_GCC_Support/ewl/lib/armv7e-m\libc.a(strchr.o)
 .text          0x00000000        0x0 F:/applications/cw/CW MCU v10.5/MCU/ARM_GCC_Support/ewl/lib/armv7e-m\libc.a(strlen.o)
 .data          0x00000000        0x0 F:/applications/cw/CW MCU v10.5/MCU/ARM_GCC_Support/ewl/lib/armv7e-m\libc.a(strlen.o)
 .bss           0x00000000        0x0 F:/applications/cw/CW MCU v10.5/MCU/ARM_GCC_Support/ewl/lib/armv7e-m\libc.a(strlen.o)
 .text          0x00000000        0x0 F:/applications/cw/CW MCU v10.5/MCU/ARM_GCC_Support/ewl/lib/armv7e-m\librt.a(gcc_ctor_dtor.o)
 .data          0x00000000        0x0 F:/applications/cw/CW MCU v10.5/MCU/ARM_GCC_Support/ewl/lib/armv7e-m\librt.a(gcc_ctor_dtor.o)
 .bss           0x00000000        0x0 F:/applications/cw/CW MCU v10.5/MCU/ARM_GCC_Support/ewl/lib/armv7e-m\librt.a(gcc_ctor_dtor.o)
 .bss.__dso_handle
                0x00000000        0x4 F:/applications/cw/CW MCU v10.5/MCU/ARM_GCC_Support/ewl/lib/armv7e-m\librt.a(gcc_ctor_dtor.o)
 .text          0x00000000        0x0 F:/applications/cw/CW MCU v10.5/MCU/ARM_GCC_Support/ewl/lib/armv7e-m\librt.a(ROMCopy.o)
 .data          0x00000000        0x0 F:/applications/cw/CW MCU v10.5/MCU/ARM_GCC_Support/ewl/lib/armv7e-m\librt.a(ROMCopy.o)
 .bss           0x00000000        0x0 F:/applications/cw/CW MCU v10.5/MCU/ARM_GCC_Support/ewl/lib/armv7e-m\librt.a(ROMCopy.o)
 .text.__flush_cache
                0x00000000        0x2 F:/applications/cw/CW MCU v10.5/MCU/ARM_GCC_Support/ewl/lib/armv7e-m\librt.a(ROMCopy.o)
 .text          0x00000000        0x0 F:/applications/cw/CW MCU v10.5/MCU/ARM_GCC_Support/ewl/lib/armv7e-m\librt.a(__arm_eabi_init.o)
 .data          0x00000000        0x0 F:/applications/cw/CW MCU v10.5/MCU/ARM_GCC_Support/ewl/lib/armv7e-m\librt.a(__arm_eabi_init.o)
 .bss           0x00000000        0x0 F:/applications/cw/CW MCU v10.5/MCU/ARM_GCC_Support/ewl/lib/armv7e-m\librt.a(__arm_eabi_init.o)
 .text.__register_global_object
                0x00000000       0x14 F:/applications/cw/CW MCU v10.5/MCU/ARM_GCC_Support/ewl/lib/armv7e-m\librt.a(__arm_eabi_init.o)
 .text.__cxa_atexit
                0x00000000       0x38 F:/applications/cw/CW MCU v10.5/MCU/ARM_GCC_Support/ewl/lib/armv7e-m\librt.a(__arm_eabi_init.o)
 .text.__aeabi_atexit
                0x00000000        0xa F:/applications/cw/CW MCU v10.5/MCU/ARM_GCC_Support/ewl/lib/armv7e-m\librt.a(__arm_eabi_init.o)
 .text.__register_atexit
                0x00000000        0x8 F:/applications/cw/CW MCU v10.5/MCU/ARM_GCC_Support/ewl/lib/armv7e-m\librt.a(__arm_eabi_init.o)
 .text.__init_hardware
                0x00000000        0x4 F:/applications/cw/CW MCU v10.5/MCU/ARM_GCC_Support/ewl/lib/armv7e-m\librt.a(__arm_eabi_init.o)
 .bss.atexit_curr_func
                0x00000000        0x4 F:/applications/cw/CW MCU v10.5/MCU/ARM_GCC_Support/ewl/lib/armv7e-m\librt.a(__arm_eabi_init.o)
 .bss.atexit_funcs
                0x00000000      0x300 F:/applications/cw/CW MCU v10.5/MCU/ARM_GCC_Support/ewl/lib/armv7e-m\librt.a(__arm_eabi_init.o)

Memory Configuration

Name             Origin             Length             Attributes
m_interrupts     0x00000000         0x000001e0         xr
m_cfmprotrom     0x00000400         0x00000010         xr
m_text           0x00000800         0x0007f800         xr
m_data           0x1fff0000         0x00010000         xrw
m_data2          0x20000000         0x00010000         xrw
*default*        0x00000000         0xffffffff

Linker script and memory map

LOAD ./Project_Settings/Startup_Code/kinetis_sysinit.o
LOAD ./Project_Settings/Startup_Code/__arm_start.o
LOAD ./Project_Settings/Startup_Code/__arm_end.o
LOAD ./Sources/main.o
LOAD ./Sources/INKEY.o
                0x00001e20                __pformatter = __pformatter_
                [0x00002218]                __sformatter = __sformatter
START GROUP
LOAD F:/applications/cw/CW MCU v10.5/MCU/ARM_GCC_Support/ewl/lib/armv7e-m\libc.a
LOAD F:/applications/cw/CW MCU v10.5/MCU/ARM_GCC_Support/ewl/lib/armv7e-m\libm.a
LOAD f:/applications/cw/cw mcu v10.5/cross_tools/arm-none-eabi-gcc-4_7_3/bin/../lib/gcc/arm-none-eabi/4.7.3/armv7e-m\libgcc.a
LOAD F:/applications/cw/CW MCU v10.5/MCU/ARM_GCC_Support/ewl/lib/armv7e-m\librt.a
LOAD F:/applications/cw/CW MCU v10.5/MCU/ARM_GCC_Support/ewl/lib/armv7e-m\libuart.a
END GROUP
                0x20000000                _estack = 0x20000000
                0x20000000                __SP_INIT = _estack
                0x00000800                __heap_size = 0x800
                0x00000800                __stack_size = 0x800

.interrupts     0x00000000      0x1e0
                0x00000000                __vector_table = .
                0x00000000                . = ALIGN (0x4)
 *(.vectortable)
 .vectortable   0x00000000      0x1e0 ./Project_Settings/Startup_Code/kinetis_sysinit.o
                0x00000000                InterruptVector
                0x000001e0                . = ALIGN (0x4)

.cfmprotect     0x00000400        0x0
                0x00000400                . = ALIGN (0x4)
 *(.cfmconfig)
                0x00000400                . = ALIGN (0x4)

.text           0x00000800     0x265c
                0x00000800                . = ALIGN (0x4)
 *(.text)
 *(.text*)
 .text.Default_Handler
                0x00000800        0xc ./Project_Settings/Startup_Code/kinetis_sysinit.o
                0x00000800                HardFault_Handler
                0x00000800                SysTick_Handler
                0x00000800                PendSV_Handler
                0x00000800                NMI_Handler
                0x00000800                UsageFault_Handler
                0x00000800                Default_Handler
                0x00000800                MemManage_Handler
                0x00000800                SVC_Handler
                0x00000800                BusFault_Handler
                0x00000800                DebugMonitor_Handler
 .text.pit_channel0_ISR
                0x0000080c      0x31c ./Project_Settings/Startup_Code/kinetis_sysinit.o
                0x0000080c                pit_channel0_ISR
 .text.PORTE_Handler
                0x00000b28       0xb4 ./Project_Settings/Startup_Code/kinetis_sysinit.o
                0x00000b28                PORTE_Handler
 .text.PORTB_Handler
                0x00000bdc      0x150 ./Project_Settings/Startup_Code/kinetis_sysinit.o
                0x00000bdc                PORTB_Handler
 .text.__init_hardware
                0x00000d2c       0x44 ./Project_Settings/Startup_Code/kinetis_sysinit.o
                0x00000d2c                __init_hardware
 .text.zero_fill_bss
                0x00000d70       0x2c ./Project_Settings/Startup_Code/__arm_start.o
 .text.__thumb_startup
                0x00000d9c       0x30 ./Project_Settings/Startup_Code/__arm_start.o
                0x00000d9c                __thumb_startup
 .text._ExitProcess
                0x00000dcc        0xc ./Project_Settings/Startup_Code/__arm_end.o
                0x00000dcc                _ExitProcess
 .text.PIT_init
                0x00000dd8       0xa0 ./Sources/main.o
                0x00000dd8                PIT_init
 .text.ADC_Init
                0x00000e78       0xb0 ./Sources/main.o
                0x00000e78                ADC_Init
 .text.LED_4_Init
                0x00000f28      0x114 ./Sources/main.o
                0x00000f28                LED_4_Init
 .text.LED_Disp_Init
                0x0000103c      0x14c ./Sources/main.o
                0x0000103c                LED_Disp_Init
 .text.Beep_Init
                0x00001188       0x68 ./Sources/main.o
                0x00001188                Beep_Init
 .text.FTM2_Init
                0x000011f0       0x60 ./Sources/main.o
                0x000011f0                FTM2_Init
 .text.Beep_setup
                0x00001250       0x30 ./Sources/main.o
                0x00001250                Beep_setup
 .text.delay    0x00001280       0x44 ./Sources/main.o
                0x00001280                delay
 .text.delayshow
                0x000012c4       0x48 ./Sources/main.o
                0x000012c4                delayshow
 .text.Display  0x0000130c      0x34c ./Sources/main.o
                0x0000130c                Display
 .text.React    0x00001658      0x1d8 ./Sources/main.o
                0x00001658                React
 .text.Detect   0x00001830       0x58 ./Sources/main.o
                0x00001830                Detect
 .text.Heat     0x00001888       0xdc ./Sources/main.o
                0x00001888                Heat
 .text.main     0x00001964       0x94 ./Sources/main.o
                0x00001964                main
 .text.enable_irq
                0x000019f8      0x154 ./Sources/INKEY.o
                0x000019f8                enable_irq
 .text.EN_Init  0x00001b4c       0x18 ./Sources/INKEY.o
                0x00001b4c                EN_Init
 .text.KEY_Init
                0x00001b64       0xe0 ./Sources/INKEY.o
                0x00001b64                KEY_Init
 .text.exit     0x00001c44       0x38 F:/applications/cw/CW MCU v10.5/MCU/ARM_GCC_Support/ewl/lib/armv7e-m\libc.a(exit.o)
                0x00001c44                exit
 .text.memset   0x00001c7c        0xc F:/applications/cw/CW MCU v10.5/MCU/ARM_GCC_Support/ewl/lib/armv7e-m\libc.a(memset.o)
                0x00001c7c                memset
 .text.long2str.isra.0
                0x00001c88      0x196 F:/applications/cw/CW MCU v10.5/MCU/ARM_GCC_Support/ewl/lib/armv7e-m\libc.a(printformat_.o)
 *fill*         0x00001e1e        0x2 00
 .text.__pformatter_
                0x00001e20      0x3f8 F:/applications/cw/CW MCU v10.5/MCU/ARM_GCC_Support/ewl/lib/armv7e-m\libc.a(printformat_.o)
                0x00001e20                __pformatter_
 .text.__sformatter
                0x00002218      0x6f4 F:/applications/cw/CW MCU v10.5/MCU/ARM_GCC_Support/ewl/lib/armv7e-m\libc.a(scanformat_.o)
                0x00002218                __sformatter
 .text.isalpha  0x0000290c       0x1c F:/applications/cw/CW MCU v10.5/MCU/ARM_GCC_Support/ewl/lib/armv7e-m\libc.a(ctype_aeabi.o)
                0x0000290c                isalpha
 .text.isspace  0x00002928       0x1c F:/applications/cw/CW MCU v10.5/MCU/ARM_GCC_Support/ewl/lib/armv7e-m\libc.a(ctype_aeabi.o)
                0x00002928                isspace
 .text.toupper  0x00002944        0xc F:/applications/cw/CW MCU v10.5/MCU/ARM_GCC_Support/ewl/lib/armv7e-m\libc.a(ctype_aeabi.o)
                0x00002944                toupper
 .text.__strtoul
                0x00002950      0x214 F:/applications/cw/CW MCU v10.5/MCU/ARM_GCC_Support/ewl/lib/armv7e-m\libc.a(__strtoul.o)
                0x00002950                __strtoul
 .text.__fill_mem
                0x00002b64       0x76 F:/applications/cw/CW MCU v10.5/MCU/ARM_GCC_Support/ewl/lib/armv7e-m\libc.a(__filll_mem.o)
                0x00002b64                __fill_mem
 .text.memchr   0x00002bda       0x18 F:/applications/cw/CW MCU v10.5/MCU/ARM_GCC_Support/ewl/lib/armv7e-m\libc.a(memchr.o)
                0x00002bda                memchr
 .text.strchr   0x00002bf2       0x1a F:/applications/cw/CW MCU v10.5/MCU/ARM_GCC_Support/ewl/lib/armv7e-m\libc.a(strchr.o)
                0x00002bf2                strchr
 .text.strlen   0x00002c0c       0x10 F:/applications/cw/CW MCU v10.5/MCU/ARM_GCC_Support/ewl/lib/armv7e-m\libc.a(strlen.o)
                0x00002c0c                strlen
 .text.__init_cpp
                0x00002c1c       0x4c F:/applications/cw/CW MCU v10.5/MCU/ARM_GCC_Support/ewl/lib/armv7e-m\librt.a(gcc_ctor_dtor.o)
                0x00002c1c                __init_cpp
 .text.__fini_cpp
                0x00002c68       0x34 F:/applications/cw/CW MCU v10.5/MCU/ARM_GCC_Support/ewl/lib/armv7e-m\librt.a(gcc_ctor_dtor.o)
                0x00002c68                __fini_cpp
 .text.__copy_rom_section
                0x00002c9c       0x44 F:/applications/cw/CW MCU v10.5/MCU/ARM_GCC_Support/ewl/lib/armv7e-m\librt.a(ROMCopy.o)
                0x00002c9c                __copy_rom_section
 .text.__copy_rom_sections_to_ram
                0x00002ce0       0x30 F:/applications/cw/CW MCU v10.5/MCU/ARM_GCC_Support/ewl/lib/armv7e-m\librt.a(ROMCopy.o)
                0x00002ce0                __copy_rom_sections_to_ram
 .text.__destroy_global_chain
                0x00002d10       0x18 F:/applications/cw/CW MCU v10.5/MCU/ARM_GCC_Support/ewl/lib/armv7e-m\librt.a(__arm_eabi_init.o)
                0x00002d10                __destroy_global_chain
 .text.__init_registers
                0x00002d28       0x24 F:/applications/cw/CW MCU v10.5/MCU/ARM_GCC_Support/ewl/lib/armv7e-m\librt.a(__arm_eabi_init.o)
                0x00002d28                __init_registers
 .text.__init_user
                0x00002d4c        0x4 F:/applications/cw/CW MCU v10.5/MCU/ARM_GCC_Support/ewl/lib/armv7e-m\librt.a(__arm_eabi_init.o)
                0x00002d4c                __init_user
 *(.rodata)
 *(.rodata*)
 .rodata.str1.1
                0x00002d50        0x1 F:/applications/cw/CW MCU v10.5/MCU/ARM_GCC_Support/ewl/lib/armv7e-m\libc.a(printformat_.o)
 .rodata.CSWTCH.20
                0x00002d51        0x5 F:/applications/cw/CW MCU v10.5/MCU/ARM_GCC_Support/ewl/lib/armv7e-m\libc.a(printformat_.o)
 .rodata.CSWTCH.21
                0x00002d56        0x5 F:/applications/cw/CW MCU v10.5/MCU/ARM_GCC_Support/ewl/lib/armv7e-m\libc.a(printformat_.o)
 .rodata.__aeabi_ctype_table_C
                0x00002d5b      0x101 F:/applications/cw/CW MCU v10.5/MCU/ARM_GCC_Support/ewl/lib/armv7e-m\libc.a(ctype_aeabi.o)
                0x00002d5b                __aeabi_ctype_table_C
 *(.glue_7)
 .glue_7        0x00000000        0x0 linker stubs
 *(.glue_7t)
 .glue_7t       0x00000000        0x0 linker stubs
 *(.eh_frame)
 *(.init)
 *(.fini)
                0x00002e5c                . = ALIGN (0x4)
                0x00002e5c                _etext = .

.vfp11_veneer   0x00002e5c        0x0
 .vfp11_veneer  0x00000000        0x0 linker stubs

.v4_bx          0x00002e5c        0x0
 .v4_bx         0x00000000        0x0 linker stubs

.iplt           0x00002e5c        0x0
 .iplt          0x00000000        0x0 ./Project_Settings/Startup_Code/kinetis_sysinit.o

.rel.dyn        0x00002e5c        0x0
 .rel.iplt      0x00000000        0x0 ./Project_Settings/Startup_Code/kinetis_sysinit.o

.ARM.extab
 *(.ARM.extab* .gnu.linkonce.armextab.*)

.ARM            0x00002e5c        0x0
                0x00002e5c                __exidx_start = .
 *(.ARM.exidx*)
                0x00002e5c                __exidx_end = .

.ctors          0x00002e5c        0x0
                0x00002e5c                __CTOR_LIST__ = .
 *crtbegin.o(.ctors)
 *(EXCLUDE_FILE(*crtend.o) .ctors)
 *(SORT(.ctors.*))
 *(.ctors)
                0x00002e5c                __CTOR_END__ = .

.dtors          0x00002e5c        0x0
                0x00002e5c                __DTOR_LIST__ = .
 *crtbegin.o(.dtors)
 *(EXCLUDE_FILE(*crtend.o) .dtors)
 *(SORT(.dtors.*))
 *(.dtors)
                0x00002e5c                __DTOR_END__ = .

.preinit_array  0x00002e5c        0x0
                0x00002e5c                PROVIDE (__preinit_array_start, .)
 *(.preinit_array*)
                0x00002e5c                PROVIDE (__preinit_array_end, .)

.init_array     0x00002e5c        0x0
                0x00002e5c                PROVIDE (__init_array_start, .)
 *(SORT(.init_array.*))
 *(.init_array*)
                0x00002e5c                PROVIDE (__init_array_end, .)

.fini_array     0x00002e5c        0x0
                0x00002e5c                PROVIDE (__fini_array_start, .)
 *(SORT(.fini_array.*))
 *(.fini_array*)
                0x00002e5c                PROVIDE (__fini_array_end, .)
                0x00002e5c                ___ROM_AT = .

.data           0x1fff0000       0x30 load address 0x00002e5c
                0x1fff0000                . = ALIGN (0x4)
                0x1fff0000                _sdata = .
 *(.data)
 *(.data*)
 .data.led      0x1fff0000       0x18 ./Project_Settings/Startup_Code/kinetis_sysinit.o
                0x1fff0000                led
 .data.num      0x1fff0018        0xc ./Project_Settings/Startup_Code/kinetis_sysinit.o
                0x1fff0018                num
 .data.ShowMode
                0x1fff0024        0x4 ./Sources/main.o
                0x1fff0024                ShowMode
 .data.upperlimit
                0x1fff0028        0x4 ./Sources/main.o
                0x1fff0028                upperlimit
 .data.weight   0x1fff002c        0x4 ./Sources/main.o
                0x1fff002c                weight
                0x1fff0030                . = ALIGN (0x4)
                0x1fff0030                _edata = .
                0x00000030                ___data_size = (_edata - _sdata)
                0x00002e8c                ___m_data2_ROMStart = (___ROM_AT + SIZEOF (.data))

.igot.plt       0x1fff0030        0x0 load address 0x00002e8c
 .igot.plt      0x00000000        0x0 ./Project_Settings/Startup_Code/kinetis_sysinit.o

.user_data2     0x20000000        0x0 load address 0x00002e8c
                0x20000000                . = ALIGN (0x4)
                0x20000000                ___m_data2_RAMStart = .
 *(.data2)
                0x20000000                ___m_data2_RAMEnd = .
                0x20000000                . = ALIGN (0x4)
                0x00000000                ___m_data2_ROMSize = (___m_data2_RAMEnd - ___m_data2_RAMStart)
                0x20000000                . = ALIGN (0x4)

.bss            0x1fff0030       0x64 load address 0x00002e8c
                0x1fff0030                __START_BSS = .
                0x1fff0030                PROVIDE (__bss_start__, __START_BSS)
 *(.bss)
 *(.bss*)
 .bss.counttime
                0x1fff0030        0x4 ./Project_Settings/Startup_Code/kinetis_sysinit.o
                0x1fff0030                counttime
 .bss.flag_1s   0x1fff0034        0x4 ./Project_Settings/Startup_Code/kinetis_sysinit.o
                0x1fff0034                flag_1s
 .bss.flag_2s   0x1fff0038        0x4 ./Project_Settings/Startup_Code/kinetis_sysinit.o
                0x1fff0038                flag_2s
 .bss.flag_100ms
                0x1fff003c        0x4 ./Project_Settings/Startup_Code/kinetis_sysinit.o
                0x1fff003c                flag_100ms
 .bss.number    0x1fff0040        0x4 ./Project_Settings/Startup_Code/kinetis_sysinit.o
                0x1fff0040                number
 .bss.argv      0x1fff0044        0x4 ./Project_Settings/Startup_Code/__arm_start.o
 .bss.Error     0x1fff0048        0x4 ./Sources/main.o
                0x1fff0048                Error
 .bss.T         0x1fff004c        0x4 ./Sources/main.o
                0x1fff004c                T
 .bss.lowerlimit
                0x1fff0050        0x4 ./Sources/main.o
                0x1fff0050                lowerlimit
 .bss.mode      0x1fff0054        0x4 ./Sources/main.o
                0x1fff0054                mode
 .bss.Heat_flag
                0x1fff0058        0x4 ./Sources/main.o
                0x1fff0058                Heat_flag
 .bss.End_flag  0x1fff005c        0x4 ./Sources/main.o
                0x1fff005c                End_flag
 .bss.__stdio_exit
                0x1fff0060        0x4 F:/applications/cw/CW MCU v10.5/MCU/ARM_GCC_Support/ewl/lib/armv7e-m\libc.a(exit.o)
                0x1fff0060                __stdio_exit
 .bss.__console_exit
                0x1fff0064        0x4 F:/applications/cw/CW MCU v10.5/MCU/ARM_GCC_Support/ewl/lib/armv7e-m\libc.a(exit.o)
                0x1fff0064                __console_exit
 .bss.__S_romp  0x1fff0068        0xc F:/applications/cw/CW MCU v10.5/MCU/ARM_GCC_Support/ewl/lib/armv7e-m\librt.a(ROMCopy.o)
 .bss.__global_destructor_chain
                0x1fff0074        0x4 F:/applications/cw/CW MCU v10.5/MCU/ARM_GCC_Support/ewl/lib/armv7e-m\librt.a(__arm_eabi_init.o)
                0x1fff0074                __global_destructor_chain
 *(COMMON)
 COMMON         0x1fff0078       0x1c ./Sources/main.o
                0x1fff0078                AD_flag
                0x1fff007c                time
                0x1fff0084                shownumber
                0x1fff0088                show
                0x1fff0090                ADC_Result
                0x1fff0094                . = ALIGN (0x4)
                0x1fff0094                __END_BSS = .
                0x1fff0094                PROVIDE (__bss_end__, __END_BSS)

._user_heap_stack
                0x1fff0094     0x1000 load address 0x00002ef0
                0x1fff0094                . = ALIGN (0x4)
                0x1fff0094                PROVIDE (end, .)
                0x1fff0094                PROVIDE (_end, .)
                0x1fff0094                __heap_addr = .
                0x1fff0894                . = (. + __heap_size)
 *fill*         0x1fff0094      0x800 00
                0x1fff1094                . = (. + __stack_size)
 *fill*         0x1fff0894      0x800 00
                0x1fff1094                . = ALIGN (0x4)
                0x00002e8c                _romp_at = ((___ROM_AT + SIZEOF (.data)) + SIZEOF (.user_data2))

.romp           0x20000000       0x24 load address 0x00002e8c
                0x00002e8c                __S_romp = _romp_at
                0x20000000        0x4 LONG 0x2e5c ___ROM_AT
                0x20000004        0x4 LONG 0x1fff0000 _sdata
                0x20000008        0x4 LONG 0x30 ___data_size
                0x2000000c        0x4 LONG 0x2e8c ___m_data2_ROMStart
                0x20000010        0x4 LONG 0x20000000 ___m_data2_RAMStart
                0x20000014        0x4 LONG 0x0 ___m_data2_ROMSize
                0x20000018        0x4 LONG 0x0
                0x2000001c        0x4 LONG 0x0
                0x20000020        0x4 LONG 0x0

.ARM.attributes
                0x00000000       0x33
 *(.ARM.attributes)
 .ARM.attributes
                0x00000000       0x33 ./Project_Settings/Startup_Code/kinetis_sysinit.o
 .ARM.attributes
                0x00000033       0x33 ./Project_Settings/Startup_Code/__arm_start.o
 .ARM.attributes
                0x00000066       0x33 ./Project_Settings/Startup_Code/__arm_end.o
 .ARM.attributes
                0x00000099       0x33 ./Sources/main.o
 .ARM.attributes
                0x000000cc       0x33 ./Sources/INKEY.o
 .ARM.attributes
                0x000000ff       0x33 F:/applications/cw/CW MCU v10.5/MCU/ARM_GCC_Support/ewl/lib/armv7e-m\libc.a(exit.o)
 .ARM.attributes
                0x00000132       0x33 F:/applications/cw/CW MCU v10.5/MCU/ARM_GCC_Support/ewl/lib/armv7e-m\libc.a(memset.o)
 .ARM.attributes
                0x00000165       0x33 F:/applications/cw/CW MCU v10.5/MCU/ARM_GCC_Support/ewl/lib/armv7e-m\libc.a(printformat_.o)
 .ARM.attributes
                0x00000198       0x33 F:/applications/cw/CW MCU v10.5/MCU/ARM_GCC_Support/ewl/lib/armv7e-m\libc.a(scanformat_.o)
 .ARM.attributes
                0x000001cb       0x33 F:/applications/cw/CW MCU v10.5/MCU/ARM_GCC_Support/ewl/lib/armv7e-m\libc.a(ctype_aeabi.o)
 .ARM.attributes
                0x000001fe       0x33 F:/applications/cw/CW MCU v10.5/MCU/ARM_GCC_Support/ewl/lib/armv7e-m\libc.a(__strtoul.o)
 .ARM.attributes
                0x00000231       0x33 F:/applications/cw/CW MCU v10.5/MCU/ARM_GCC_Support/ewl/lib/armv7e-m\libc.a(__filll_mem.o)
 .ARM.attributes
                0x00000264       0x33 F:/applications/cw/CW MCU v10.5/MCU/ARM_GCC_Support/ewl/lib/armv7e-m\libc.a(memchr.o)
 .ARM.attributes
                0x00000297       0x33 F:/applications/cw/CW MCU v10.5/MCU/ARM_GCC_Support/ewl/lib/armv7e-m\libc.a(strchr.o)
 .ARM.attributes
                0x000002ca       0x33 F:/applications/cw/CW MCU v10.5/MCU/ARM_GCC_Support/ewl/lib/armv7e-m\libc.a(strlen.o)
 .ARM.attributes
                0x000002fd       0x33 F:/applications/cw/CW MCU v10.5/MCU/ARM_GCC_Support/ewl/lib/armv7e-m\librt.a(gcc_ctor_dtor.o)
 .ARM.attributes
                0x00000330       0x33 F:/applications/cw/CW MCU v10.5/MCU/ARM_GCC_Support/ewl/lib/armv7e-m\librt.a(ROMCopy.o)
 .ARM.attributes
                0x00000363       0x33 F:/applications/cw/CW MCU v10.5/MCU/ARM_GCC_Support/ewl/lib/armv7e-m\librt.a(__arm_eabi_init.o)
OUTPUT(p2_1.elf elf32-littlearm)

.debug_info     0x00000000     0x359a
 .debug_info    0x00000000      0x732 ./Project_Settings/Startup_Code/kinetis_sysinit.o
 .debug_info    0x00000732      0x12a ./Project_Settings/Startup_Code/__arm_start.o
 .debug_info    0x0000085c       0x54 ./Project_Settings/Startup_Code/__arm_end.o
 .debug_info    0x000008b0      0xc73 ./Sources/main.o
 .debug_info    0x00001523      0x587 ./Sources/INKEY.o
 .debug_info    0x00001aaa       0xe8 F:/applications/cw/CW MCU v10.5/MCU/ARM_GCC_Support/ewl/lib/armv7e-m\libc.a(exit.o)
 .debug_info    0x00001b92       0xec F:/applications/cw/CW MCU v10.5/MCU/ARM_GCC_Support/ewl/lib/armv7e-m\libc.a(memset.o)
 .debug_info    0x00001c7e      0x50e F:/applications/cw/CW MCU v10.5/MCU/ARM_GCC_Support/ewl/lib/armv7e-m\libc.a(printformat_.o)
 .debug_info    0x0000218c      0x565 F:/applications/cw/CW MCU v10.5/MCU/ARM_GCC_Support/ewl/lib/armv7e-m\libc.a(scanformat_.o)
 .debug_info    0x000026f1      0x306 F:/applications/cw/CW MCU v10.5/MCU/ARM_GCC_Support/ewl/lib/armv7e-m\libc.a(ctype_aeabi.o)
 .debug_info    0x000029f7      0x1d6 F:/applications/cw/CW MCU v10.5/MCU/ARM_GCC_Support/ewl/lib/armv7e-m\libc.a(__strtoul.o)
 .debug_info    0x00002bcd      0x135 F:/applications/cw/CW MCU v10.5/MCU/ARM_GCC_Support/ewl/lib/armv7e-m\libc.a(__filll_mem.o)
 .debug_info    0x00002d02      0x120 F:/applications/cw/CW MCU v10.5/MCU/ARM_GCC_Support/ewl/lib/armv7e-m\libc.a(memchr.o)
 .debug_info    0x00002e22      0x108 F:/applications/cw/CW MCU v10.5/MCU/ARM_GCC_Support/ewl/lib/armv7e-m\libc.a(strchr.o)
 .debug_info    0x00002f2a       0xeb F:/applications/cw/CW MCU v10.5/MCU/ARM_GCC_Support/ewl/lib/armv7e-m\libc.a(strlen.o)
 .debug_info    0x00003015      0x136 F:/applications/cw/CW MCU v10.5/MCU/ARM_GCC_Support/ewl/lib/armv7e-m\librt.a(gcc_ctor_dtor.o)
 .debug_info    0x0000314b      0x19a F:/applications/cw/CW MCU v10.5/MCU/ARM_GCC_Support/ewl/lib/armv7e-m\librt.a(ROMCopy.o)
 .debug_info    0x000032e5      0x2b5 F:/applications/cw/CW MCU v10.5/MCU/ARM_GCC_Support/ewl/lib/armv7e-m\librt.a(__arm_eabi_init.o)

.debug_abbrev   0x00000000     0x10db
 .debug_abbrev  0x00000000      0x195 ./Project_Settings/Startup_Code/kinetis_sysinit.o
 .debug_abbrev  0x00000195       0x92 ./Project_Settings/Startup_Code/__arm_start.o
 .debug_abbrev  0x00000227       0x4c ./Project_Settings/Startup_Code/__arm_end.o
 .debug_abbrev  0x00000273      0x1a9 ./Sources/main.o
 .debug_abbrev  0x0000041c       0xf1 ./Sources/INKEY.o
 .debug_abbrev  0x0000050d       0x7a F:/applications/cw/CW MCU v10.5/MCU/ARM_GCC_Support/ewl/lib/armv7e-m\libc.a(exit.o)
 .debug_abbrev  0x00000587       0x62 F:/applications/cw/CW MCU v10.5/MCU/ARM_GCC_Support/ewl/lib/armv7e-m\libc.a(memset.o)
 .debug_abbrev  0x000005e9      0x200 F:/applications/cw/CW MCU v10.5/MCU/ARM_GCC_Support/ewl/lib/armv7e-m\libc.a(printformat_.o)
 .debug_abbrev  0x000007e9      0x1f0 F:/applications/cw/CW MCU v10.5/MCU/ARM_GCC_Support/ewl/lib/armv7e-m\libc.a(scanformat_.o)
 .debug_abbrev  0x000009d9       0x85 F:/applications/cw/CW MCU v10.5/MCU/ARM_GCC_Support/ewl/lib/armv7e-m\libc.a(ctype_aeabi.o)
 .debug_abbrev  0x00000a5e       0xc2 F:/applications/cw/CW MCU v10.5/MCU/ARM_GCC_Support/ewl/lib/armv7e-m\libc.a(__strtoul.o)
 .debug_abbrev  0x00000b20       0x87 F:/applications/cw/CW MCU v10.5/MCU/ARM_GCC_Support/ewl/lib/armv7e-m\libc.a(__filll_mem.o)
 .debug_abbrev  0x00000ba7       0x95 F:/applications/cw/CW MCU v10.5/MCU/ARM_GCC_Support/ewl/lib/armv7e-m\libc.a(memchr.o)
 .debug_abbrev  0x00000c3c       0x89 F:/applications/cw/CW MCU v10.5/MCU/ARM_GCC_Support/ewl/lib/armv7e-m\libc.a(strchr.o)
 .debug_abbrev  0x00000cc5       0x7a F:/applications/cw/CW MCU v10.5/MCU/ARM_GCC_Support/ewl/lib/armv7e-m\libc.a(strlen.o)
 .debug_abbrev  0x00000d3f       0x99 F:/applications/cw/CW MCU v10.5/MCU/ARM_GCC_Support/ewl/lib/armv7e-m\librt.a(gcc_ctor_dtor.o)
 .debug_abbrev  0x00000dd8      0x137 F:/applications/cw/CW MCU v10.5/MCU/ARM_GCC_Support/ewl/lib/armv7e-m\librt.a(ROMCopy.o)
 .debug_abbrev  0x00000f0f      0x1cc F:/applications/cw/CW MCU v10.5/MCU/ARM_GCC_Support/ewl/lib/armv7e-m\librt.a(__arm_eabi_init.o)

.debug_loc      0x00000000     0x232b
 .debug_loc     0x00000000      0x114 ./Project_Settings/Startup_Code/kinetis_sysinit.o
 .debug_loc     0x00000114       0x2c ./Project_Settings/Startup_Code/__arm_start.o
 .debug_loc     0x00000140       0x38 ./Project_Settings/Startup_Code/__arm_end.o
 .debug_loc     0x00000178      0x2dc ./Sources/main.o
 .debug_loc     0x00000454       0x90 ./Sources/INKEY.o
 .debug_loc     0x000004e4       0x3e F:/applications/cw/CW MCU v10.5/MCU/ARM_GCC_Support/ewl/lib/armv7e-m\libc.a(exit.o)
 .debug_loc     0x00000522       0x64 F:/applications/cw/CW MCU v10.5/MCU/ARM_GCC_Support/ewl/lib/armv7e-m\libc.a(memset.o)
 .debug_loc     0x00000586      0xbdc F:/applications/cw/CW MCU v10.5/MCU/ARM_GCC_Support/ewl/lib/armv7e-m\libc.a(printformat_.o)
 .debug_loc     0x00001162      0x8b6 F:/applications/cw/CW MCU v10.5/MCU/ARM_GCC_Support/ewl/lib/armv7e-m\libc.a(scanformat_.o)
 .debug_loc     0x00001a18      0x18e F:/applications/cw/CW MCU v10.5/MCU/ARM_GCC_Support/ewl/lib/armv7e-m\libc.a(ctype_aeabi.o)
 .debug_loc     0x00001ba6      0x2bb F:/applications/cw/CW MCU v10.5/MCU/ARM_GCC_Support/ewl/lib/armv7e-m\libc.a(__strtoul.o)
 .debug_loc     0x00001e61      0x12c F:/applications/cw/CW MCU v10.5/MCU/ARM_GCC_Support/ewl/lib/armv7e-m\libc.a(__filll_mem.o)
 .debug_loc     0x00001f8d       0x62 F:/applications/cw/CW MCU v10.5/MCU/ARM_GCC_Support/ewl/lib/armv7e-m\libc.a(memchr.o)
 .debug_loc     0x00001fef       0x7c F:/applications/cw/CW MCU v10.5/MCU/ARM_GCC_Support/ewl/lib/armv7e-m\libc.a(strchr.o)
 .debug_loc     0x0000206b       0x26 F:/applications/cw/CW MCU v10.5/MCU/ARM_GCC_Support/ewl/lib/armv7e-m\libc.a(strlen.o)
 .debug_loc     0x00002091       0x9d F:/applications/cw/CW MCU v10.5/MCU/ARM_GCC_Support/ewl/lib/armv7e-m\librt.a(gcc_ctor_dtor.o)
 .debug_loc     0x0000212e       0xb9 F:/applications/cw/CW MCU v10.5/MCU/ARM_GCC_Support/ewl/lib/armv7e-m\librt.a(ROMCopy.o)
 .debug_loc     0x000021e7      0x144 F:/applications/cw/CW MCU v10.5/MCU/ARM_GCC_Support/ewl/lib/armv7e-m\librt.a(__arm_eabi_init.o)

.debug_aranges  0x00000000      0x3b8
 .debug_aranges
                0x00000000       0x48 ./Project_Settings/Startup_Code/kinetis_sysinit.o
 .debug_aranges
                0x00000048       0x30 ./Project_Settings/Startup_Code/__arm_start.o
 .debug_aranges
                0x00000078       0x20 ./Project_Settings/Startup_Code/__arm_end.o
 .debug_aranges
                0x00000098       0x90 ./Sources/main.o
 .debug_aranges
                0x00000128       0x30 ./Sources/INKEY.o
 .debug_aranges
                0x00000158       0x20 F:/applications/cw/CW MCU v10.5/MCU/ARM_GCC_Support/ewl/lib/armv7e-m\libc.a(exit.o)
 .debug_aranges
                0x00000178       0x20 F:/applications/cw/CW MCU v10.5/MCU/ARM_GCC_Support/ewl/lib/armv7e-m\libc.a(memset.o)
 .debug_aranges
                0x00000198       0x28 F:/applications/cw/CW MCU v10.5/MCU/ARM_GCC_Support/ewl/lib/armv7e-m\libc.a(printformat_.o)
 .debug_aranges
                0x000001c0       0x20 F:/applications/cw/CW MCU v10.5/MCU/ARM_GCC_Support/ewl/lib/armv7e-m\libc.a(scanformat_.o)
 .debug_aranges
                0x000001e0       0x88 F:/applications/cw/CW MCU v10.5/MCU/ARM_GCC_Support/ewl/lib/armv7e-m\libc.a(ctype_aeabi.o)
 .debug_aranges
                0x00000268       0x20 F:/applications/cw/CW MCU v10.5/MCU/ARM_GCC_Support/ewl/lib/armv7e-m\libc.a(__strtoul.o)
 .debug_aranges
                0x00000288       0x20 F:/applications/cw/CW MCU v10.5/MCU/ARM_GCC_Support/ewl/lib/armv7e-m\libc.a(__filll_mem.o)
 .debug_aranges
                0x000002a8       0x20 F:/applications/cw/CW MCU v10.5/MCU/ARM_GCC_Support/ewl/lib/armv7e-m\libc.a(memchr.o)
 .debug_aranges
                0x000002c8       0x20 F:/applications/cw/CW MCU v10.5/MCU/ARM_GCC_Support/ewl/lib/armv7e-m\libc.a(strchr.o)
 .debug_aranges
                0x000002e8       0x20 F:/applications/cw/CW MCU v10.5/MCU/ARM_GCC_Support/ewl/lib/armv7e-m\libc.a(strlen.o)
 .debug_aranges
                0x00000308       0x28 F:/applications/cw/CW MCU v10.5/MCU/ARM_GCC_Support/ewl/lib/armv7e-m\librt.a(gcc_ctor_dtor.o)
 .debug_aranges
                0x00000330       0x30 F:/applications/cw/CW MCU v10.5/MCU/ARM_GCC_Support/ewl/lib/armv7e-m\librt.a(ROMCopy.o)
 .debug_aranges
                0x00000360       0x58 F:/applications/cw/CW MCU v10.5/MCU/ARM_GCC_Support/ewl/lib/armv7e-m\librt.a(__arm_eabi_init.o)

.debug_macinfo  0x00000000   0x11c3e3
 .debug_macinfo
                0x00000000    0x5c4f2 ./Project_Settings/Startup_Code/kinetis_sysinit.o
 .debug_macinfo
                0x0005c4f2     0x3f3e ./Project_Settings/Startup_Code/__arm_start.o
 .debug_macinfo
                0x00060430     0x3527 ./Project_Settings/Startup_Code/__arm_end.o
 .debug_macinfo
                0x00063957    0x5c501 ./Sources/main.o
 .debug_macinfo
                0x000bfe58    0x5c58b ./Sources/INKEY.o

.debug_line     0x00000000     0x1be4
 .debug_line    0x00000000      0x2c6 ./Project_Settings/Startup_Code/kinetis_sysinit.o
 .debug_line    0x000002c6      0x2ae ./Project_Settings/Startup_Code/__arm_start.o
 .debug_line    0x00000574      0x27e ./Project_Settings/Startup_Code/__arm_end.o
 .debug_line    0x000007f2      0x3cb ./Sources/main.o
 .debug_line    0x00000bbd      0x220 ./Sources/INKEY.o
 .debug_line    0x00000ddd       0x94 F:/applications/cw/CW MCU v10.5/MCU/ARM_GCC_Support/ewl/lib/armv7e-m\libc.a(exit.o)
 .debug_line    0x00000e71       0x8f F:/applications/cw/CW MCU v10.5/MCU/ARM_GCC_Support/ewl/lib/armv7e-m\libc.a(memset.o)
 .debug_line    0x00000f00      0x2b4 F:/applications/cw/CW MCU v10.5/MCU/ARM_GCC_Support/ewl/lib/armv7e-m\libc.a(printformat_.o)
 .debug_line    0x000011b4      0x2df F:/applications/cw/CW MCU v10.5/MCU/ARM_GCC_Support/ewl/lib/armv7e-m\libc.a(scanformat_.o)
 .debug_line    0x00001493      0x1a9 F:/applications/cw/CW MCU v10.5/MCU/ARM_GCC_Support/ewl/lib/armv7e-m\libc.a(ctype_aeabi.o)
 .debug_line    0x0000163c      0x11b F:/applications/cw/CW MCU v10.5/MCU/ARM_GCC_Support/ewl/lib/armv7e-m\libc.a(__strtoul.o)
 .debug_line    0x00001757       0xcd F:/applications/cw/CW MCU v10.5/MCU/ARM_GCC_Support/ewl/lib/armv7e-m\libc.a(__filll_mem.o)
 .debug_line    0x00001824       0x9f F:/applications/cw/CW MCU v10.5/MCU/ARM_GCC_Support/ewl/lib/armv7e-m\libc.a(memchr.o)
 .debug_line    0x000018c3       0x7d F:/applications/cw/CW MCU v10.5/MCU/ARM_GCC_Support/ewl/lib/armv7e-m\libc.a(strchr.o)
 .debug_line    0x00001940       0x83 F:/applications/cw/CW MCU v10.5/MCU/ARM_GCC_Support/ewl/lib/armv7e-m\libc.a(strlen.o)
 .debug_line    0x000019c3       0x67 F:/applications/cw/CW MCU v10.5/MCU/ARM_GCC_Support/ewl/lib/armv7e-m\librt.a(gcc_ctor_dtor.o)
 .debug_line    0x00001a2a       0xa9 F:/applications/cw/CW MCU v10.5/MCU/ARM_GCC_Support/ewl/lib/armv7e-m\librt.a(ROMCopy.o)
 .debug_line    0x00001ad3      0x111 F:/applications/cw/CW MCU v10.5/MCU/ARM_GCC_Support/ewl/lib/armv7e-m\librt.a(__arm_eabi_init.o)

.debug_str      0x00000000      0xfe2
 .debug_str     0x00000000      0x3a9 ./Project_Settings/Startup_Code/kinetis_sysinit.o
                                0x3ef (size before relaxing)
 .debug_str     0x000003a9       0x85 ./Project_Settings/Startup_Code/__arm_start.o
                                0x1a0 (size before relaxing)
 .debug_str     0x0000042e       0x41 ./Project_Settings/Startup_Code/__arm_end.o
                                 0xd7 (size before relaxing)
 .debug_str     0x0000046f      0x2d8 ./Sources/main.o
                                0x528 (size before relaxing)
 .debug_str     0x00000747       0x2f ./Sources/INKEY.o
                                0x2d9 (size before relaxing)
 .debug_str     0x00000776       0x5a F:/applications/cw/CW MCU v10.5/MCU/ARM_GCC_Support/ewl/lib/armv7e-m\libc.a(exit.o)
                                0x157 (size before relaxing)
 .debug_str     0x000007d0       0x23 F:/applications/cw/CW MCU v10.5/MCU/ARM_GCC_Support/ewl/lib/armv7e-m\libc.a(memset.o)
                                0x140 (size before relaxing)
 .debug_str     0x000007f3      0x23b F:/applications/cw/CW MCU v10.5/MCU/ARM_GCC_Support/ewl/lib/armv7e-m\libc.a(printformat_.o)
                                0x3b3 (size before relaxing)
 .debug_str     0x00000a2e      0x184 F:/applications/cw/CW MCU v10.5/MCU/ARM_GCC_Support/ewl/lib/armv7e-m\libc.a(scanformat_.o)
                                0x3f9 (size before relaxing)
 .debug_str     0x00000bb2       0x9d F:/applications/cw/CW MCU v10.5/MCU/ARM_GCC_Support/ewl/lib/armv7e-m\libc.a(ctype_aeabi.o)
                                0x1bc (size before relaxing)
 .debug_str     0x00000c4f       0x5b F:/applications/cw/CW MCU v10.5/MCU/ARM_GCC_Support/ewl/lib/armv7e-m\libc.a(__strtoul.o)
                                0x1fb (size before relaxing)
 .debug_str     0x00000caa       0x25 F:/applications/cw/CW MCU v10.5/MCU/ARM_GCC_Support/ewl/lib/armv7e-m\libc.a(__filll_mem.o)
                                0x152 (size before relaxing)
 .debug_str     0x00000ccf       0x1c F:/applications/cw/CW MCU v10.5/MCU/ARM_GCC_Support/ewl/lib/armv7e-m\libc.a(memchr.o)
                                0x148 (size before relaxing)
 .debug_str     0x00000ceb       0x1c F:/applications/cw/CW MCU v10.5/MCU/ARM_GCC_Support/ewl/lib/armv7e-m\libc.a(strchr.o)
                                0x137 (size before relaxing)
 .debug_str     0x00000d07       0x1c F:/applications/cw/CW MCU v10.5/MCU/ARM_GCC_Support/ewl/lib/armv7e-m\libc.a(strlen.o)
                                0x140 (size before relaxing)
 .debug_str     0x00000d23      0x126 F:/applications/cw/CW MCU v10.5/MCU/ARM_GCC_Support/ewl/lib/armv7e-m\librt.a(gcc_ctor_dtor.o)
                                0x181 (size before relaxing)
 .debug_str     0x00000e49       0xa1 F:/applications/cw/CW MCU v10.5/MCU/ARM_GCC_Support/ewl/lib/armv7e-m\librt.a(ROMCopy.o)
                                0x13c (size before relaxing)
 .debug_str     0x00000eea       0xf8 F:/applications/cw/CW MCU v10.5/MCU/ARM_GCC_Support/ewl/lib/armv7e-m\librt.a(__arm_eabi_init.o)
                                0x1b5 (size before relaxing)

.comment        0x00000000       0x79
 .comment       0x00000000       0x79 ./Project_Settings/Startup_Code/kinetis_sysinit.o
                                 0x7a (size before relaxing)
 .comment       0x00000000       0x7a ./Project_Settings/Startup_Code/__arm_start.o
 .comment       0x00000000       0x7a ./Project_Settings/Startup_Code/__arm_end.o
 .comment       0x00000000       0x7a ./Sources/main.o
 .comment       0x00000000       0x7a ./Sources/INKEY.o
 .comment       0x00000000       0x7a F:/applications/cw/CW MCU v10.5/MCU/ARM_GCC_Support/ewl/lib/armv7e-m\libc.a(exit.o)
 .comment       0x00000000       0x7a F:/applications/cw/CW MCU v10.5/MCU/ARM_GCC_Support/ewl/lib/armv7e-m\libc.a(memset.o)
 .comment       0x00000000       0x7a F:/applications/cw/CW MCU v10.5/MCU/ARM_GCC_Support/ewl/lib/armv7e-m\libc.a(printformat_.o)
 .comment       0x00000000       0x7a F:/applications/cw/CW MCU v10.5/MCU/ARM_GCC_Support/ewl/lib/armv7e-m\libc.a(scanformat_.o)
 .comment       0x00000000       0x7a F:/applications/cw/CW MCU v10.5/MCU/ARM_GCC_Support/ewl/lib/armv7e-m\libc.a(ctype_aeabi.o)
 .comment       0x00000000       0x7a F:/applications/cw/CW MCU v10.5/MCU/ARM_GCC_Support/ewl/lib/armv7e-m\libc.a(__strtoul.o)
 .comment       0x00000000       0x7a F:/applications/cw/CW MCU v10.5/MCU/ARM_GCC_Support/ewl/lib/armv7e-m\libc.a(__filll_mem.o)
 .comment       0x00000000       0x7a F:/applications/cw/CW MCU v10.5/MCU/ARM_GCC_Support/ewl/lib/armv7e-m\libc.a(memchr.o)
 .comment       0x00000000       0x7a F:/applications/cw/CW MCU v10.5/MCU/ARM_GCC_Support/ewl/lib/armv7e-m\libc.a(strchr.o)
 .comment       0x00000000       0x7a F:/applications/cw/CW MCU v10.5/MCU/ARM_GCC_Support/ewl/lib/armv7e-m\libc.a(strlen.o)
 .comment       0x00000000       0x7a F:/applications/cw/CW MCU v10.5/MCU/ARM_GCC_Support/ewl/lib/armv7e-m\librt.a(gcc_ctor_dtor.o)
 .comment       0x00000000       0x7a F:/applications/cw/CW MCU v10.5/MCU/ARM_GCC_Support/ewl/lib/armv7e-m\librt.a(ROMCopy.o)
 .comment       0x00000000       0x7a F:/applications/cw/CW MCU v10.5/MCU/ARM_GCC_Support/ewl/lib/armv7e-m\librt.a(__arm_eabi_init.o)

.debug_frame    0x00000000      0x6fc
 .debug_frame   0x00000000       0xa8 ./Project_Settings/Startup_Code/kinetis_sysinit.o
 .debug_frame   0x000000a8       0x4c ./Project_Settings/Startup_Code/__arm_start.o
 .debug_frame   0x000000f4       0x2c ./Project_Settings/Startup_Code/__arm_end.o
 .debug_frame   0x00000120      0x1a0 ./Sources/main.o
 .debug_frame   0x000002c0       0x60 ./Sources/INKEY.o
 .debug_frame   0x00000320       0x28 F:/applications/cw/CW MCU v10.5/MCU/ARM_GCC_Support/ewl/lib/armv7e-m\libc.a(exit.o)
 .debug_frame   0x00000348       0x28 F:/applications/cw/CW MCU v10.5/MCU/ARM_GCC_Support/ewl/lib/armv7e-m\libc.a(memset.o)
 .debug_frame   0x00000370       0x64 F:/applications/cw/CW MCU v10.5/MCU/ARM_GCC_Support/ewl/lib/armv7e-m\libc.a(printformat_.o)
 .debug_frame   0x000003d4       0x3c F:/applications/cw/CW MCU v10.5/MCU/ARM_GCC_Support/ewl/lib/armv7e-m\libc.a(scanformat_.o)
 .debug_frame   0x00000410       0xf0 F:/applications/cw/CW MCU v10.5/MCU/ARM_GCC_Support/ewl/lib/armv7e-m\libc.a(ctype_aeabi.o)
 .debug_frame   0x00000500       0x3c F:/applications/cw/CW MCU v10.5/MCU/ARM_GCC_Support/ewl/lib/armv7e-m\libc.a(__strtoul.o)
 .debug_frame   0x0000053c       0x2c F:/applications/cw/CW MCU v10.5/MCU/ARM_GCC_Support/ewl/lib/armv7e-m\libc.a(__filll_mem.o)
 .debug_frame   0x00000568       0x20 F:/applications/cw/CW MCU v10.5/MCU/ARM_GCC_Support/ewl/lib/armv7e-m\libc.a(memchr.o)
 .debug_frame   0x00000588       0x20 F:/applications/cw/CW MCU v10.5/MCU/ARM_GCC_Support/ewl/lib/armv7e-m\libc.a(strchr.o)
 .debug_frame   0x000005a8       0x20 F:/applications/cw/CW MCU v10.5/MCU/ARM_GCC_Support/ewl/lib/armv7e-m\libc.a(strlen.o)
 .debug_frame   0x000005c8       0x40 F:/applications/cw/CW MCU v10.5/MCU/ARM_GCC_Support/ewl/lib/armv7e-m\librt.a(gcc_ctor_dtor.o)
 .debug_frame   0x00000608       0x48 F:/applications/cw/CW MCU v10.5/MCU/ARM_GCC_Support/ewl/lib/armv7e-m\librt.a(ROMCopy.o)
 .debug_frame   0x00000650       0xac F:/applications/cw/CW MCU v10.5/MCU/ARM_GCC_Support/ewl/lib/armv7e-m\librt.a(__arm_eabi_init.o)
